// Jest Snapshot v1, https://goo.gl/fbAQLP

exports[`App should render 1`] = `
<div>
  <div
    class="sc-bdVaJa khUSez"
  >
    <div
      class="sc-htpNat crrTe"
    >
      <img
        alt="logo"
        class="sc-bwzfXH ivkBJk"
        src="logo.svg"
      />
      <p>
        Edit 
        <code>
          src/App.js
        </code>
         and save to reload.
      </p>
      <div
        class="sc-bxivhb cYHewc App-link"
        href="https://reactjs.org"
        rel="noopener noreferrer"
        target="_blank"
      >
        Learn React
      </div>
    </div>
  </div>
</div>
`;
